 AS V1.42 Beta [Bld 162] - Source File LS173-LED.asm - Page 1 - 2020/04/26 15時56分37秒


       1/       0 :                     ;
       2/       0 :                     ; 74LS173経由で接続されている LEDを点滅
       3/       0 :                     ; I/O : $8000
       4/       0 :                     ; データの$01〜$04の各ビット、1で点灯、0で消灯
       5/       0 :                     ;--------------------------------------------
       6/       0 :                     ; 本プログラムはUniversal Monitor for SBC6800用です
       7/       0 :                     
       8/       0 :                             CPU	6800
       9/       0 :                     
      10/       0 : =MC6800             TARGET:	equ	"MC6800"
      11/       0 :                     ;
      12/       0 :                     ; LED CONTROL
      13/       0 :                     ;
      14/       0 : =$8000              LED_PORT  EQU  $8000
      15/       0 :                     ;
      16/       0 :                     ; Universal Moniter Entry
      17/       0 :                     ;
      18/       0 : =$FF98              STR_PRINT  EQU  $FF98
      19/       0 :                     ;
      20/       0 :                     ; MAIN START
      21/       0 :                     ;
      22/     200 :                             ORG $0200
      23/     200 :                     ;
      24/     200 :                     START:
      25/     200 : CE 02 4D                    LDX  #START_MSG
      26/     203 : BD FF 98                    JSR  STR_PRINT
      27/     206 :                     ;
      28/     206 : 86 00                       LDAA #$00
      29/     208 : B7 02 7F                    STAA CURRENT_LED
      30/     20B :                     ;
      31/     20B :                     LED_LOOP:
      32/     20B : B6 02 7F                    LDAA CURRENT_LED
      33/     20E : B7 80 00                    STAA LED_PORT
      34/     211 : BD 02 40                    JSR  WAIT
      35/     214 : B6 02 7F                    LDAA CURRENT_LED
      36/     217 : 4C                          INCA
      37/     218 : B7 02 7F                    STAA CURRENT_LED
      38/     21B : 81 10                       CMPA #$10
      39/     21D : 26 EC                       BNE LED_LOOP
      40/     21F :                     ;
      41/     21F : 86 03                       LDAA #$3
      42/     221 : B7 02 80                    STAA CNT
      43/     224 :                     ;
      44/     224 :                     ENDLOOP:
      45/     224 : 86 00                       LDAA #$00
      46/     226 : B7 80 00                    STAA LED_PORT
      47/     229 : BD 02 40                    JSR  WAIT
      48/     22C : 86 0F                       LDAA #$0F
      49/     22E : B7 80 00                    STAA LED_PORT
      50/     231 : BD 02 40                    JSR  WAIT
      51/     234 : 7A 02 80                    DEC  CNT
      52/     237 : 26 EB                       BNE  ENDLOOP
      53/     239 :                     ;
      54/     239 : CE 02 67                    LDX  #END_MSG
      55/     23C : BD FF 98                    JSR  STR_PRINT
      56/     23F : 3F                          SWI                     ; PROGRAM END
      57/     240 :                     ;
      58/     240 :                     ; WAIT
      59/     240 :                     ;
      60/     240 :                     WAIT:
 AS V1.42 Beta [Bld 162] - Source File LS173-LED.asm - Page 2 - 2020/04/26 15時56分37秒


      61/     240 : 86 FF                       LDAA    #$FF
      62/     242 :                     WAIT_LOOP1:
      63/     242 : C6 FF                       LDAB    #$FF
      64/     244 :                     WAIT_LOOP2:
      65/     244 : 01                          NOP
      66/     245 : 01                          NOP
      67/     246 : 5A                          DECB
      68/     247 : 26 FB                       BNE     WAIT_LOOP2
      69/     249 : 4A                          DECA
      70/     24A : 26 F6                       BNE     WAIT_LOOP1
      71/     24C : 39                          RTS
      72/     24D :                     ;
      73/     24D :                     ; CINSTANT
      74/     24D :                     ;
      75/     24D : 37 34 4C 53 31 37   START_MSG  DC  "74LS173 LED BLINK START",$0D,$0A,$00
                    33 20 4C 45 44 20 
                    42 4C 49 4E 4B 20 
                    53 54 41 52 54 0D 
                    0A 00             
      76/     267 : 37 34 4C 53 31 37   END_MSG  DC  "74LS173 LED BLINK END",$0D,$0A,$00
                    33 20 4C 45 44 20 
                    42 4C 49 4E 4B 20 
                    45 4E 44 0D 0A 00 
      77/     27F :                     ;
      78/     27F :                     ; WORK AREA
      79/     27F :                     ;
      80/     27F :                     CURRENT_LED     RMB  1
      81/     280 :                     CNT             RMB  1
 AS V1.42 Beta [Bld 162] - Source File LS173-LED.asm - Page 3 - 2020/04/26 15時56分37秒


  Symbol Table (* = unused):
  --------------------------

*ARCHITECTURE :    x86_64-apple-osx - | *BIGENDIAN :                      0 - |
*BRANCHEXT :                      0 - | *CASESENSITIVE :                  0 - |
 CNT :                          280 C | *CONSTPI :        3.141592653589793 - |
 CURRENT_LED :                  27F C | *DATE :                  2020/04/26 - |
 ENDLOOP :                      224 C |  END_MSG :                      267 C |
*FALSE :                          0 - | *FULLPMMU :                       1 - |
*HAS64 :                          1 - | *HASDSP :                         0 - |
*HASFPU :                         0 - | *HASPMMU :                        0 - |
*INEXTMODE :                      0 - | *INLWORDMODE :                    0 - |
*INMAXMODE :                      0 - | *INSRCMODE :                      0 - |
*INSUPMODE :                      0 - |  LED_LOOP :                     20B C |
 LED_PORT :                    8000 - | *LISTON :                         1 - |
*MACEXP :                         7 - | *MOMCPU :                      6800 - |
*MOMCPUNAME :                  6800 - | *NESTMAX :                      100 - |
*PACKING :                        0 - | *PADDING :                        0 - |
*RELAXED :                        0 - | *START :                        200 C |
 START_MSG :                    24D C |  STR_PRINT :                   FF98 - |
*TARGET :                    MC6800 - |
*TIME :                 15\-026\-103\-12656\-027\-120\-12237\-025\-089\-110 - |
*TRUE :                           1 - | *VERSION :                     142F - |
 WAIT :                         240 C |  WAIT_LOOP1 :                   242 C |
 WAIT_LOOP2 :                   244 C |

     41 symbols
     30 unused symbols

 AS V1.42 Beta [Bld 162] - Source File LS173-LED.asm - Page 4 - 2020/04/26 15時56分37秒


  Code Pages:
  ----------

STANDARD (0 changed characters)

1 code page

0.04 seconds assembly time

     81 lines source file
      2 passes
      0 errors
      0 warnings
